// Jest Snapshot v1, https://goo.gl/fbAQLP

exports[`Searchinput component Should match snapShot with the Seachinput component 1`] = `
<div
  style={
    Object {
      "position": "absolute",
      "right": "9vh",
      "top": "8vh",
      "width": "75%",
      "zIndex": 400,
    }
  }
>
  <ForwardRef(AutoComplete)
    id="search"
    onChange={[Function]}
    onSelect={[Function]}
    open={false}
    placeholder="Enter stops name"
    style={
      Object {
        "width": "100%",
      }
    }
    value=""
  >
    <Option
      key="5f6203bb0d5658001cd8f85a"
      value="Basel"
    >
      <i
        className="fas fa-subway"
        style={
          Object {
            "color": "#1890ff",
            "margin": "0 10px",
          }
        }
      />
      Basel
    </Option>
    <Option
      key="5f6203bb0d5658001cd8f85b"
      value="Lyon"
    >
      <i
        className="fas fa-subway"
        style={
          Object {
            "color": "#1890ff",
            "margin": "0 10px",
          }
        }
      />
      Lyon
    </Option>
  </ForwardRef(AutoComplete)>
</div>
`;
