// Jest Snapshot v1, https://goo.gl/fbAQLP

exports[`Searchinput component Should match snapShot with the Seachinput component 1`] = `
<div
  style={
    Object {
      "display": "flex",
      "justifyContent": "start",
      "left": "18%",
      "position": "absolute",
      "top": "25px",
      "width": "70%",
      "zIndex": 10,
    }
  }
>
  <ForwardRef(AutoComplete)
    id="stops_autoComplete"
    onSearch={[Function]}
    onSelect={[Function]}
    open={false}
    placeholder="Haltestellenname eingeben"
    style={
      Object {
        "width": "100%",
      }
    }
    value=""
  >
    <Option
      key="5f6203bb0d5658001cd8f85a"
      stop={
        Object {
          "_id": "5f6203bb0d5658001cd8f85a",
          "coord": Array [
            47.54741,
            7.58956,
          ],
          "modes": Array [],
          "name": "Basel",
        }
      }
      value="Basel"
    >
      Basel
    </Option>
    <Option
      key="5f6203bb0d5658001cd8f85b"
      stop={
        Object {
          "_id": "5f6203bb0d5658001cd8f85b",
          "coord": Array [
            45.74506,
            4.84184,
          ],
          "modes": Array [],
          "name": "Lyon",
        }
      }
      value="Lyon"
    >
      Lyon
    </Option>
  </ForwardRef(AutoComplete)>
</div>
`;
