// Jest Snapshot v1, https://goo.gl/fbAQLP

exports[`SaveStopSequenceForm component matches snapshot of the SaveStopSequenceForm component 1`] = `
<Card
  bordered={true}
>
  <Collapse
    bordered={true}
    defaultActiveKey="1"
  >
    <CollapsePanel
      header="Stop sequence save form"
      key="1"
    >
      <ForwardRef(InternalForm)
        form={
          Object {
            "__INTERNAL__": Object {
              "itemRef": [Function],
            },
            "getFieldError": [Function],
            "getFieldInstance": [Function],
            "getFieldValue": [Function],
            "getFieldsError": [Function],
            "getFieldsValue": [Function],
            "getInternalHooks": [Function],
            "isFieldTouched": [Function],
            "isFieldValidating": [Function],
            "isFieldsTouched": [Function],
            "isFieldsValidating": [Function],
            "resetFields": [Function],
            "scrollToField": [Function],
            "setFields": [Function],
            "setFieldsValue": [Function],
            "submit": [Function],
            "validateFields": [Function],
          }
        }
        initialValues={
          Object {
            "remember": true,
          }
        }
        layout="vertical"
        name="basic"
        onFinish={[Function]}
        requiredMark={false}
      >
        <FormItem
          label="Name"
          name="name"
          rules={
            Array [
              Object {
                "message": "Please give a Name",
                "required": true,
              },
            ]
          }
        >
          <Input
            allowClear={true}
            id="name-input"
            type="text"
          />
        </FormItem>
        <div
          style={
            Object {
              "paddingBottom": "20px",
            }
          }
        >
          <Button
            block={false}
            ghost={false}
            htmlType="button"
            id="AddSchedule-button"
            loading={false}
            onClick={[Function]}
            type="primary"
          >
            Add schedule
          </Button>
        </div>
        <Collapse
          bordered={true}
          defaultActiveKey="3"
        >
          <CollapsePanel
            header="Stop sequence schedule"
            key="2"
          >
            <div
              style={
                Object {
                  "height": "200px",
                  "overflowY": "auto",
                }
              }
            >
              <div
                key="0"
              >
                <h3 />
                <div
                  style={
                    Object {
                      "display": "flex",
                      "flexWrap": "wrap",
                      "marginBottom": "0.5em",
                    }
                  }
                />
              </div>
            </div>
          </CollapsePanel>
        </Collapse>
      </ForwardRef(InternalForm)>
    </CollapsePanel>
  </Collapse>
</Card>
`;
