// Jest Snapshot v1, https://goo.gl/fbAQLP

exports[`LoadStopSequence component Should match the LoadStopSequence component snapshot 1`] = `
<Card>
  <ForwardRef(InternalForm)
    form={
      Object {
        "__INTERNAL__": Object {
          "itemRef": [Function],
        },
        "getFieldError": [Function],
        "getFieldInstance": [Function],
        "getFieldValue": [Function],
        "getFieldsError": [Function],
        "getFieldsValue": [Function],
        "getInternalHooks": [Function],
        "isFieldTouched": [Function],
        "isFieldValidating": [Function],
        "isFieldsTouched": [Function],
        "isFieldsValidating": [Function],
        "resetFields": [Function],
        "scrollToField": [Function],
        "setFields": [Function],
        "setFieldsValue": [Function],
        "submit": [Function],
        "validateFields": [Function],
      }
    }
    layout="vertical"
  >
    <FormItem>
      <Memo([object Object])
        id="radioButton"
        onChange={[Function]}
        value="load"
      >
        <ForwardRef(RadioButton)
          id="load_button"
          value="load"
        >
          Load
        </ForwardRef(RadioButton)>
        <ForwardRef(RadioButton)
          id="new_button"
          value="new"
        >
          New
        </ForwardRef(RadioButton)>
      </Memo([object Object])>
    </FormItem>
    <FormItem
      label="Modes"
    >
      <ForwardRef(InternalSelect)
        id="mode_selector"
        onChange={[Function]}
        value="Choose mode"
      >
        <Option
          id="Choose mode"
          value="Choose mode"
        >
          Choose mode
        </Option>
        <Option
          id="13"
          value="13"
        >
          13
        </Option>
        <Option
          id="5"
          value="5"
        >
          5
        </Option>
        <Option
          id="8"
          value="8"
        >
          8
        </Option>
        <Option
          id="9"
          value="9"
        >
          9
        </Option>
        <Option
          id="2"
          value="2"
        >
          2
        </Option>
        <Option
          id="4"
          value="4"
        >
          4
        </Option>
      </ForwardRef(InternalSelect)>
    </FormItem>
    <FormItem
      label="Stop sequence name"
    >
      <ForwardRef(AutoComplete)
        allowClear={true}
        id="stopSequence_autoComplete"
        onChange={[Function]}
        onSelect={[Function]}
        placeholder="Enter stop sequence name"
        value=""
      >
        <Option
          key="c03295ea-5a3f-43e8-83ea-7736ce82cfd9"
          value="St. Gallen to Zürich HB"
        >
          <i
            className="fas fa-subway"
            style={
              Object {
                "color": "#1890ff",
                "margin": "0 10px",
              }
            }
          />
          St. Gallen to Zürich HB
        </Option>
      </ForwardRef(AutoComplete)>
    </FormItem>
  </ForwardRef(InternalForm)>
</Card>
`;
