// Jest Snapshot v1, https://goo.gl/fbAQLP

exports[`LoadStopSequence component match snapShot with the LoadStopSequence component 1`] = `
<Card>
  <ForwardRef(InternalForm)
    form={
      Object {
        "__INTERNAL__": Object {
          "itemRef": [Function],
        },
        "getFieldError": [Function],
        "getFieldInstance": [Function],
        "getFieldValue": [Function],
        "getFieldsError": [Function],
        "getFieldsValue": [Function],
        "getInternalHooks": [Function],
        "isFieldTouched": [Function],
        "isFieldValidating": [Function],
        "isFieldsTouched": [Function],
        "isFieldsValidating": [Function],
        "resetFields": [Function],
        "scrollToField": [Function],
        "setFields": [Function],
        "setFieldsValue": [Function],
        "submit": [Function],
        "validateFields": [Function],
      }
    }
    layout="vertical"
  >
    <FormItem>
      <Memo([object Object])
        defaultValue="load"
        onChange={[Function]}
      >
        <ForwardRef(RadioButton)
          value="load"
        >
          Load
        </ForwardRef(RadioButton)>
        <ForwardRef(RadioButton)
          value="new"
        >
          New
        </ForwardRef(RadioButton)>
      </Memo([object Object])>
    </FormItem>
    <FormItem
      label="Modes"
    >
      <ForwardRef(InternalSelect)
        defaultValue="Choose mode"
        onChange={[Function]}
      >
        <Option
          value="Choose mode"
        >
          Choose mode
        </Option>
        <Option
          value="13"
        >
          13
        </Option>
        <Option
          value="5"
        >
          5
        </Option>
        <Option
          value="8"
        >
          8
        </Option>
        <Option
          value="9"
        >
          9
        </Option>
        <Option
          value="2"
        >
          2
        </Option>
        <Option
          value="4"
        >
          4
        </Option>
      </ForwardRef(InternalSelect)>
    </FormItem>
    <FormItem
      label="Stop sequence name"
    >
      <ForwardRef(AutoComplete)
        allowClear={true}
        onChange={[Function]}
        onSelect={[Function]}
        placeholder="Enter stop sequence name"
        value=""
      />
    </FormItem>
  </ForwardRef(InternalForm)>
</Card>
`;
