// Jest Snapshot v1, https://goo.gl/fbAQLP

exports[`Map component Should match snapshot with the Map component 1`] = `
<Fragment>
  <Col
    xs={24}
    xxl={12}
  >
    <Card
      bordered={true}
      title="Map"
    >
      <div
        id="mapId"
        style={
          Object {
            "height": "880px",
            "zIndex": 0,
          }
        }
      />
      <Memo(SearchInput)
        handleSelectAutoSearch={[MockFunction]}
        stations={
          Array [
            Object {
              "_id": "5f6203bb0d5658001cd8f85a",
              "coord": Object {
                "WGS84": Object {
                  "lat": 47.54741,
                  "lon": 7.58956,
                },
              },
              "modes": Array [],
              "name": "Basel",
            },
            Object {
              "_id": "5f6203bb0d5658001cd8f85b",
              "coord": Object {
                "WGS84": Object {
                  "lat": 45.74506,
                  "lon": 4.84184,
                },
              },
              "modes": Array [],
              "name": "Lyon",
            },
          ]
        }
      />
    </Card>
  </Col>
</Fragment>
`;
