// Jest Snapshot v1, https://goo.gl/fbAQLP

exports[`Map component Should match snapshot with the Map component 1`] = `
<Memo(Map)
  currentStopSequence={
    Object {
      "_id": "c03295ea-5a3f-43e8-83ea-7736ce82cfd9",
      "date": Array [
        "2020-10-16",
        "2020-11-27",
      ],
      "modes": "13",
      "name": "St. Gallen to Zürich HB",
      "schedule": Array [
        Object {
          "day": Array [
            "monday",
            "tuesday",
            "wednesday",
            "thursday",
            "friday",
          ],
          "time": Array [
            Object {
              "end": "12:00",
              "start": "07:00",
            },
            Object {
              "end": "18:00",
              "start": "13:00",
            },
          ],
        },
        Object {
          "day": Array [
            "saturday",
            "sunday",
          ],
          "time": Array [
            Object {
              "end": "12:00",
              "start": "07:00",
            },
          ],
        },
      ],
      "stopSequence": Array [
        Object {
          "_id": "5f62045b0d5658001cd910c4",
          "coord": Object {
            "WGS84": Object {
              "lat": 47.42318,
              "lon": 9.3699,
            },
          },
          "modes": Array [
            "13",
            "5",
          ],
          "name": "St. Gallen",
        },
        Object {
          "_id": "5f62045b0d5658001cd910c1",
          "coord": Object {
            "WGS84": Object {
              "lat": 47.4072,
              "lon": 9.32965,
            },
          },
          "modes": Array [
            "13",
          ],
          "name": "St. Gallen Bruggen",
        },
      ],
    }
  }
  distance={
    Array [
      Object {
        "angle": -95.16982788755787,
        "distance": 0.163130219415872,
        "from": "Camedo, Centovalli",
        "to": Object {
          "_id": "5f6205c60d5658001cd9480b",
          "coord": Object {
            "WGS84": Object {
              "lat": 46.17831,
              "lon": 6.08824,
            },
          },
          "modes": Array [
            "4",
            "5",
          ],
          "name": "Confignon, croisée",
        },
      },
    ]
  }
  handleSelectAutoSearch={[MockFunction]}
  onAddAfterSelected={[MockFunction]}
  onAddBeforSelected={[MockFunction]}
  onDeleteMarkerFromMap={[MockFunction]}
  selectMarkerOnMap={[MockFunction]}
  selected={
    Object {
      "_id": "5f6205c60d5658001cd9480b",
      "coord": Object {
        "WGS84": Object {
          "lat": 46.17831,
          "lon": 6.08824,
        },
      },
      "index": 0,
      "modes": Array [
        "4",
        "5",
      ],
      "name": "Confignon, croisée",
    }
  }
  stateDND={
    Object {
      "trajekt": Object {
        "items": Array [
          Object {
            "_id": "5f6205c60d5658001cd9480b",
            "coord": Object {
              "WGS84": Object {
                "lat": 46.17831,
                "lon": 6.08824,
              },
            },
            "index": 0,
            "modes": Array [
              "4",
              "5",
            ],
            "name": "Confignon, croisée",
          },
        ],
        "title": "Stop sequence",
      },
      "vorschlag": Object {
        "items": Array [
          Object {
            "_id": "5f6206390d5658001cd959b40",
            "angle": -83.19868517601843,
            "coord": Object {
              "WGS84": Object {
                "lat": 46.17857,
                "lon": 6.08606,
              },
            },
            "distance": 0.17031643195093935,
            "modes": Array [
              "4",
              "5",
            ],
            "name": "Bernex 1",
          },
          Object {
            "_id": "5f6206390d5658001cd959b41",
            "angle": -83.19868517601843,
            "coord": Object {
              "WGS84": Object {
                "lat": 46.17857,
                "lon": 6.08606,
              },
            },
            "distance": 0.17031643195093935,
            "modes": Array [
              "4",
              "5",
            ],
            "name": "Bernex 1",
          },
          Object {
            "_id": "5f6206390d5658001cd959b42",
            "angle": -83.19868517601843,
            "coord": Object {
              "WGS84": Object {
                "lat": 46.17857,
                "lon": 6.08606,
              },
            },
            "distance": 0.17031643195093935,
            "modes": Array [
              "4",
              "5",
            ],
            "name": "Bernex 1",
          },
          Object {
            "_id": "5f6206390d5658001cd959b43",
            "angle": -83.19868517601843,
            "coord": Object {
              "WGS84": Object {
                "lat": 46.17857,
                "lon": 6.08606,
              },
            },
            "distance": 0.17031643195093935,
            "modes": Array [
              "4",
              "5",
            ],
            "name": "Bernex 1",
          },
          Object {
            "_id": "5f6206390d5658001cd959b44",
            "angle": -83.19868517601843,
            "coord": Object {
              "WGS84": Object {
                "lat": 46.17857,
                "lon": 6.08606,
              },
            },
            "distance": 0.17031643195093935,
            "modes": Array [
              "4",
              "5",
            ],
            "name": "Bernex 1",
          },
          Object {
            "_id": "5f6206390d5658001cd959b45",
            "angle": -83.19868517601843,
            "coord": Object {
              "WGS84": Object {
                "lat": 46.17857,
                "lon": 6.08606,
              },
            },
            "distance": 0.17031643195093935,
            "modes": Array [
              "4",
              "5",
            ],
            "name": "Bernex 1",
          },
          Object {
            "_id": "5f6206390d5658001cd959b46",
            "angle": -83.19868517601843,
            "coord": Object {
              "WGS84": Object {
                "lat": 46.17857,
                "lon": 6.08606,
              },
            },
            "distance": 0.17031643195093935,
            "modes": Array [
              "4",
              "5",
            ],
            "name": "Bernex 1",
          },
          Object {
            "_id": "5f6206390d5658001cd959b47",
            "angle": -83.19868517601843,
            "coord": Object {
              "WGS84": Object {
                "lat": 46.17857,
                "lon": 6.08606,
              },
            },
            "distance": 0.17031643195093935,
            "modes": Array [
              "4",
              "5",
            ],
            "name": "Bernex 1",
          },
          Object {
            "_id": "5f6206390d5658001cd959b48",
            "angle": -83.19868517601843,
            "coord": Object {
              "WGS84": Object {
                "lat": 46.17857,
                "lon": 6.08606,
              },
            },
            "distance": 0.17031643195093935,
            "modes": Array [
              "4",
              "5",
            ],
            "name": "Bernex 1",
          },
          Object {
            "_id": "5f6206390d5658001cd959b49",
            "angle": -83.19868517601843,
            "coord": Object {
              "WGS84": Object {
                "lat": 46.17857,
                "lon": 6.08606,
              },
            },
            "distance": 0.17031643195093935,
            "modes": Array [
              "4",
              "5",
            ],
            "name": "Bernex 1",
          },
          Object {
            "_id": "5f6206390d5658001cd959b410",
            "angle": -83.19868517601843,
            "coord": Object {
              "WGS84": Object {
                "lat": 46.17857,
                "lon": 6.08606,
              },
            },
            "distance": 0.17031643195093935,
            "modes": Array [
              "4",
              "5",
            ],
            "name": "Bernex 1",
          },
          Object {
            "_id": "5f6206390d5658001cd959b411",
            "angle": -83.19868517601843,
            "coord": Object {
              "WGS84": Object {
                "lat": 46.17857,
                "lon": 6.08606,
              },
            },
            "distance": 0.17031643195093935,
            "modes": Array [
              "4",
              "5",
            ],
            "name": "Bernex 1",
          },
          Object {
            "_id": "5f6206390d5658001cd959b412",
            "angle": -83.19868517601843,
            "coord": Object {
              "WGS84": Object {
                "lat": 46.17857,
                "lon": 6.08606,
              },
            },
            "distance": 0.17031643195093935,
            "modes": Array [
              "4",
              "5",
            ],
            "name": "Bernex 1",
          },
          Object {
            "_id": "5f6206390d5658001cd959b413",
            "angle": -83.19868517601843,
            "coord": Object {
              "WGS84": Object {
                "lat": 46.17857,
                "lon": 6.08606,
              },
            },
            "distance": 0.17031643195093935,
            "modes": Array [
              "4",
              "5",
            ],
            "name": "Bernex 1",
          },
          Object {
            "_id": "5f6206390d5658001cd959b414",
            "angle": -83.19868517601843,
            "coord": Object {
              "WGS84": Object {
                "lat": 46.17857,
                "lon": 6.08606,
              },
            },
            "distance": 0.17031643195093935,
            "modes": Array [
              "4",
              "5",
            ],
            "name": "Bernex 1",
          },
          Object {
            "_id": "5f6206390d5658001cd959b415",
            "angle": -83.19868517601843,
            "coord": Object {
              "WGS84": Object {
                "lat": 46.17857,
                "lon": 6.08606,
              },
            },
            "distance": 0.17031643195093935,
            "modes": Array [
              "4",
              "5",
            ],
            "name": "Bernex 1",
          },
          Object {
            "_id": "5f6206390d5658001cd959b416",
            "angle": -83.19868517601843,
            "coord": Object {
              "WGS84": Object {
                "lat": 46.17857,
                "lon": 6.08606,
              },
            },
            "distance": 0.17031643195093935,
            "modes": Array [
              "4",
              "5",
            ],
            "name": "Bernex 1",
          },
        ],
        "title": "Suggestion",
      },
    }
  }
  stations={
    Array [
      Object {
        "_id": "5f6203bb0d5658001cd8f85a",
        "coord": Object {
          "WGS84": Object {
            "lat": 47.54741,
            "lon": 7.58956,
          },
        },
        "modes": Array [],
        "name": "Basel",
      },
      Object {
        "_id": "5f6203bb0d5658001cd8f85b",
        "coord": Object {
          "WGS84": Object {
            "lat": 45.74506,
            "lon": 4.84184,
          },
        },
        "modes": Array [],
        "name": "Lyon",
      },
    ]
  }
>
  <Col
    xs={24}
    xxl={12}
  >
    <div
      className="ant-col ant-col-xs-24 ant-col-xxl-12"
      style={Object {}}
    >
      <Card
        bordered={true}
        title="Map"
      >
        <div
          className="ant-card ant-card-bordered"
        >
          <div
            className="ant-card-head"
            style={Object {}}
          >
            <div
              className="ant-card-head-wrapper"
            >
              <div
                className="ant-card-head-title"
              >
                Map
              </div>
            </div>
          </div>
          <div
            className="ant-card-body"
            style={Object {}}
          >
            <div
              id="mapId"
              style={
                Object {
                  "height": "880px",
                  "zIndex": 0,
                }
              }
            />
          </div>
        </div>
      </Card>
    </div>
  </Col>
</Memo(Map)>
`;
